==> Starting concretization pool with 4 processes
==> Concretized 4 specs:
[+]  t6bz64j  nccl@2.29.2-1+cuda build_system=makefile cuda_arch:=80 fabrics:=auto platform=linux os=ubuntu24.04 target=x86_64_v3 %c,cxx=gcc@13.3.0
[+]  gaqs4ab      ^compiler-wrapper@1.0 build_system=generic platform=linux os=ubuntu24.04 target=x86_64_v3
[e]  irnmc53      ^cuda@12.9.1~allow-unsupported-compilers~dev build_system=generic platform=linux os=ubuntu24.04 target=x86_64_v3
[e]  mob5yjf      ^gcc@13.3.0+binutils+bootstrap~graphite+libsanitizer~mold~nvptx~piclibs~profiled~strip build_system=autotools build_type=RelWithDebInfo languages:='c,c++,fortran' platform=linux os=ubuntu24.04 target=x86_64_v3
[+]  pveamcn      ^gcc-runtime@13.3.0 build_system=generic platform=linux os=ubuntu24.04 target=x86_64_v3
[e]  jj453jr      ^glibc@2.39 build_system=autotools platform=linux os=ubuntu24.04 target=x86_64_v3
[+]  qotxwy2      ^gmake@4.4.1~guile build_system=generic platform=linux os=ubuntu24.04 target=x86_64_v3 %c=gcc@13.3.0
[+]  w2mriy4  nccl@2.29.2-1+cuda build_system=makefile cuda_arch:=80 fabrics:=verbs platform=linux os=ubuntu24.04 target=x86_64_v3 %c,cxx=gcc@13.3.0
[+]  6mdrvth      ^rdma-core@60.1~ipo+man_pages+pyverbs+static build_system=cmake build_type=Release generator=make platform=linux os=ubuntu24.04 target=x86_64_v3 %c=gcc@13.3.0
[+]  2u4u33v          ^cmake@3.31.11~doc+ncurses+ownlibs~qtgui build_system=generic build_type=Release platform=linux os=ubuntu24.04 target=x86_64_v3 %c,cxx=gcc@13.3.0
[+]  nzkz5pz              ^curl@8.18.0~gssapi~ldap~libidn2~librtmp~libssh~libssh2+nghttp2 build_system=autotools libs:=shared,static tls:=openssl platform=linux os=ubuntu24.04 target=x86_64_v3 %c,cxx=gcc@13.3.0
[+]  dboh7co                  ^nghttp2@1.67.1 build_system=autotools platform=linux os=ubuntu24.04 target=x86_64_v3 %c,cxx=gcc@13.3.0
[+]  jwjraky                  ^openssl@3.6.1~docs+shared build_system=generic certs=mozilla platform=linux os=ubuntu24.04 target=x86_64_v3 %c,cxx=gcc@13.3.0
[+]  5d6uqut                      ^ca-certificates-mozilla@2025-08-12 build_system=generic platform=linux os=ubuntu24.04 target=x86_64_v3
[+]  f2szu3g                      ^perl@5.42.0+cpanm+opcode+open+shared+threads build_system=generic platform=linux os=ubuntu24.04 target=x86_64_v3 %c=gcc@13.3.0
[+]  zqn3ysj                          ^berkeley-db@18.1.40+cxx~docs+stl build_system=autotools patches:=26090f4,b231fcc platform=linux os=ubuntu24.04 target=x86_64_v3 %c,cxx=gcc@13.3.0
[+]  iyrl4x7                          ^bzip2@1.0.8~debug~pic+shared build_system=generic platform=linux os=ubuntu24.04 target=x86_64_v3 %c=gcc@13.3.0
[+]  yiomehh                          ^gdbm@1.26 build_system=autotools platform=linux os=ubuntu24.04 target=x86_64_v3 %c=gcc@13.3.0
[+]  usqober                              ^readline@8.3 build_system=autotools patches:=21f0a03 platform=linux os=ubuntu24.04 target=x86_64_v3 %c=gcc@13.3.0
[+]  jcu5onw              ^ncurses@6.6~symlinks+termlib abi=none build_system=autotools patches:=7a351bc platform=linux os=ubuntu24.04 target=x86_64_v3 %c,cxx=gcc@13.3.0
[+]  umi5nxj              ^zlib-ng@2.3.3+compat+new_strategies+opt+pic+shared build_system=autotools platform=linux os=ubuntu24.04 target=x86_64_v3 %c,cxx=gcc@13.3.0
[+]  6e5fwa2          ^libnl@3.3.0 build_system=autotools platform=linux os=ubuntu24.04 target=x86_64_v3 %c=gcc@13.3.0
[+]  s7yonmv              ^bison@3.8.2~color build_system=autotools platform=linux os=ubuntu24.04 target=x86_64_v3 %c,cxx=gcc@13.3.0
[+]  23qah4k                  ^diffutils@3.12 build_system=autotools platform=linux os=ubuntu24.04 target=x86_64_v3 %c=gcc@13.3.0
[+]  2n6zsnn                      ^libiconv@1.18 build_system=autotools libs:=shared,static platform=linux os=ubuntu24.04 target=x86_64_v3 %c=gcc@13.3.0
[+]  je5ev5d              ^flex@2.6.3+lex~nls build_system=autotools platform=linux os=ubuntu24.04 target=x86_64_v3 %c,cxx=gcc@13.3.0
[+]  uilhtnd                  ^findutils@4.10.0 build_system=autotools patches:=440b954 platform=linux os=ubuntu24.04 target=x86_64_v3 %c=gcc@13.3.0
[+]  gb2w3oz                      ^gettext@1.0+bzip2+curses+git~libunistring+libxml2+pic+shared+tar+xz build_system=autotools platform=linux os=ubuntu24.04 target=x86_64_v3 %c,cxx=gcc@13.3.0
[+]  d6llcso                          ^libxml2@2.15.1+pic~python+shared build_system=autotools platform=linux os=ubuntu24.04 target=x86_64_v3 %c=gcc@13.3.0
[+]  irftxb6                          ^tar@1.35 build_system=autotools zip=pigz platform=linux os=ubuntu24.04 target=x86_64_v3 %c=gcc@13.3.0
[+]  wtv7xrn                              ^pigz@2.8 build_system=makefile platform=linux os=ubuntu24.04 target=x86_64_v3 %c=gcc@13.3.0
[+]  bv3tgp2                              ^zstd@1.5.7+programs build_system=makefile compression:=none libs:=shared,static platform=linux os=ubuntu24.04 target=x86_64_v3 %c,cxx=gcc@13.3.0
[+]  alvbcn7                          ^xz@5.8.2~pic build_system=autotools libs:=shared,static platform=linux os=ubuntu24.04 target=x86_64_v3 %c=gcc@13.3.0
[+]  wsulgud              ^m4@1.4.21+sigsegv build_system=autotools platform=linux os=ubuntu24.04 target=x86_64_v3 %c,cxx=gcc@13.3.0
[+]  fc7fjac                  ^libsigsegv@2.15 build_system=autotools platform=linux os=ubuntu24.04 target=x86_64_v3 %c=gcc@13.3.0
[+]  ui7bikx          ^pkgconf@2.5.1 build_system=autotools platform=linux os=ubuntu24.04 target=x86_64_v3 %c=gcc@13.3.0
[+]  w6vxr64          ^py-cython@3.1.7 build_system=python_pip platform=linux os=ubuntu24.04 target=x86_64_v3 %c,cxx=gcc@13.3.0
[+]  24gttjw              ^py-pip@25.1.1 build_system=generic platform=linux os=ubuntu24.04 target=x86_64_v3
[+]  vglv6dg              ^py-setuptools@82.0.0 build_system=generic platform=linux os=ubuntu24.04 target=x86_64_v3
[+]  in3rgw5              ^py-wheel@0.45.1 build_system=generic platform=linux os=ubuntu24.04 target=x86_64_v3
[+]  sg6vmvu          ^py-docutils@0.22.4 build_system=python_pip platform=linux os=ubuntu24.04 target=x86_64_v3
[+]  a3gswjb              ^py-flit-core@3.12.0 build_system=python_pip platform=linux os=ubuntu24.04 target=x86_64_v3
[e]  bqfkrxx          ^python@3.12.12+bz2+crypt+ctypes+dbm~debug+libxml2+lzma~optimizations+pic+pyexpat+pythoncmd+readline+shared+sqlite3+ssl~static~tests~tkinter+uuid+zlib build_system=generic platform=linux os=ubuntu24.04 target=x86_64_v3
[+]  3wb2dja          ^python-venv@1.0 build_system=generic platform=linux os=ubuntu24.04 target=x86_64_v3
[+]  y6koto6  nccl@git.49839dfde34086ee9aaf9a1c69ae3404f13773e7=2.29.7-1-git.2+cuda build_system=makefile commit=49839dfde34086ee9aaf9a1c69ae3404f13773e7 cuda_arch:=80 fabrics:=auto platform=linux os=ubuntu24.04 target=x86_64_v3 %c,cxx=gcc@13.3.0
[+]  7hmqpjh  nccl@git.49839dfde34086ee9aaf9a1c69ae3404f13773e7=2.29.7-1-git.2+cuda build_system=makefile commit=49839dfde34086ee9aaf9a1c69ae3404f13773e7 cuda_arch:=80 fabrics:=verbs platform=linux os=ubuntu24.04 target=x86_64_v3 %c,cxx=gcc@13.3.0

